// Jest Snapshot v1, https://goo.gl/fbAQLP

exports[`Being able to select a chancellor 1`] = `
Object {
  "context": Object {
    "board": Array [
      "NONE",
      "NONE",
      "TOP_THREE_CARD",
      "KILL_PLAYER",
      "KILL_PLAYER",
    ],
    "chancellorIndex": 3,
    "drawPile": Array [
      "F",
      "F",
      "L",
      "F",
      "F",
      "L",
      "F",
      "F",
      "L",
      "F",
      "F",
      "F",
      "L",
      "F",
      "F",
      "L",
      "L",
    ],
    "enactedFascistPolicies": 0,
    "enactedLiberalPolicies": 0,
    "players": Array [
      Object {
        "displayName": "bob",
        "id": 1,
        "isActive": true,
        "role": "L",
        "vote": null,
      },
      Object {
        "displayName": "john",
        "id": 2,
        "isActive": true,
        "role": "L",
        "vote": null,
      },
      Object {
        "displayName": "amanda",
        "id": 3,
        "isActive": true,
        "role": "L",
        "vote": null,
      },
      Object {
        "displayName": "lisa",
        "id": 4,
        "isActive": true,
        "role": "F",
        "vote": null,
      },
      Object {
        "displayName": "vivian",
        "id": 5,
        "isActive": true,
        "role": "H",
        "vote": null,
      },
      Object {
        "displayName": "tina",
        "id": 6,
        "isActive": true,
        "role": "L",
        "vote": null,
      },
    ],
    "policiesInHand": Array [],
    "presidentIndex": 0,
    "prevChancellorIndex": null,
    "prevPresidentIndex": null,
  },
  "value": "election",
}
`;

exports[`Being able to select a chancellor 2`] = `
Object {
  "context": Object {
    "board": Array [
      "NONE",
      "NONE",
      "TOP_THREE_CARD",
      "KILL_PLAYER",
      "KILL_PLAYER",
    ],
    "chancellorIndex": 2,
    "drawPile": Array [
      "F",
      "F",
      "L",
      "F",
      "F",
      "L",
      "F",
      "F",
      "L",
      "F",
      "F",
      "F",
      "L",
      "F",
      "F",
      "L",
      "L",
    ],
    "enactedFascistPolicies": 0,
    "enactedLiberalPolicies": 0,
    "players": Array [
      Object {
        "displayName": "bob",
        "id": 1,
        "isActive": true,
        "role": "L",
        "vote": null,
      },
      Object {
        "displayName": "john",
        "id": 2,
        "isActive": true,
        "role": "L",
        "vote": null,
      },
      Object {
        "displayName": "amanda",
        "id": 3,
        "isActive": true,
        "role": "L",
        "vote": null,
      },
      Object {
        "displayName": "lisa",
        "id": 4,
        "isActive": true,
        "role": "F",
        "vote": null,
      },
      Object {
        "displayName": "vivian",
        "id": 5,
        "isActive": true,
        "role": "H",
        "vote": null,
      },
      Object {
        "displayName": "tina",
        "id": 6,
        "isActive": true,
        "role": "L",
        "vote": null,
      },
    ],
    "policiesInHand": Array [],
    "presidentIndex": 0,
    "prevChancellorIndex": null,
    "prevPresidentIndex": null,
  },
  "value": "election",
}
`;

exports[`Can go into view three cards successfully 1`] = `
Object {
  "context": Object {
    "board": Array [
      "NONE",
      "NONE",
      "TOP_THREE_CARD",
      "KILL_PLAYER",
      "KILL_PLAYER",
    ],
    "chancellorIndex": 5,
    "drawPile": Array [
      "F",
      "F",
      "L",
      "F",
      "F",
    ],
    "enactedFascistPolicies": 3,
    "enactedLiberalPolicies": 1,
    "players": Array [
      Object {
        "displayName": "bob",
        "id": 1,
        "isActive": true,
        "role": "L",
        "vote": true,
      },
      Object {
        "displayName": "john",
        "id": 2,
        "isActive": true,
        "role": "L",
        "vote": true,
      },
      Object {
        "displayName": "amanda",
        "id": 3,
        "isActive": true,
        "role": "L",
        "vote": true,
      },
      Object {
        "displayName": "lisa",
        "id": 4,
        "isActive": true,
        "role": "F",
        "vote": true,
      },
      Object {
        "displayName": "vivian",
        "id": 5,
        "isActive": true,
        "role": "H",
        "vote": true,
      },
      Object {
        "displayName": "tina",
        "id": 6,
        "isActive": true,
        "role": "L",
        "vote": true,
      },
    ],
    "policiesInHand": Array [
      "F",
      "F",
    ],
    "presidentIndex": 3,
    "prevChancellorIndex": 4,
    "prevPresidentIndex": 2,
  },
  "value": "viewThreeCards",
}
`;

exports[`Cannot reveal vote until everyone has voted 1`] = `
Object {
  "context": Object {
    "board": Array [
      "NONE",
      "NONE",
      "TOP_THREE_CARD",
      "KILL_PLAYER",
      "KILL_PLAYER",
    ],
    "chancellorIndex": 2,
    "drawPile": Array [
      "F",
      "F",
      "L",
      "F",
      "F",
      "L",
      "F",
      "F",
      "L",
      "F",
      "F",
      "F",
      "L",
      "F",
      "F",
      "L",
      "L",
    ],
    "enactedFascistPolicies": 0,
    "enactedLiberalPolicies": 0,
    "players": Array [
      Object {
        "displayName": "bob",
        "id": 1,
        "isActive": true,
        "role": "L",
        "vote": true,
      },
      Object {
        "displayName": "john",
        "id": 2,
        "isActive": true,
        "role": "L",
        "vote": true,
      },
      Object {
        "displayName": "amanda",
        "id": 3,
        "isActive": true,
        "role": "L",
        "vote": true,
      },
      Object {
        "displayName": "lisa",
        "id": 4,
        "isActive": true,
        "role": "F",
        "vote": null,
      },
      Object {
        "displayName": "vivian",
        "id": 5,
        "isActive": true,
        "role": "H",
        "vote": null,
      },
      Object {
        "displayName": "tina",
        "id": 6,
        "isActive": true,
        "role": "L",
        "vote": null,
      },
    ],
    "policiesInHand": Array [],
    "presidentIndex": 0,
    "prevChancellorIndex": null,
    "prevPresidentIndex": null,
  },
  "value": "election",
}
`;

exports[`Player is able to vote 1`] = `
Object {
  "context": Object {
    "board": Array [
      "NONE",
      "NONE",
      "TOP_THREE_CARD",
      "KILL_PLAYER",
      "KILL_PLAYER",
    ],
    "chancellorIndex": 2,
    "drawPile": Array [
      "F",
      "F",
      "L",
      "F",
      "F",
      "L",
      "F",
      "F",
      "L",
      "F",
      "F",
      "F",
      "L",
      "F",
      "F",
      "L",
      "L",
    ],
    "enactedFascistPolicies": 0,
    "enactedLiberalPolicies": 0,
    "players": Array [
      Object {
        "displayName": "bob",
        "id": 1,
        "isActive": true,
        "role": "L",
        "vote": null,
      },
      Object {
        "displayName": "john",
        "id": 2,
        "isActive": true,
        "role": "L",
        "vote": null,
      },
      Object {
        "displayName": "amanda",
        "id": 3,
        "isActive": true,
        "role": "L",
        "vote": null,
      },
      Object {
        "displayName": "lisa",
        "id": 4,
        "isActive": true,
        "role": "F",
        "vote": null,
      },
      Object {
        "displayName": "vivian",
        "id": 5,
        "isActive": true,
        "role": "H",
        "vote": null,
      },
      Object {
        "displayName": "tina",
        "id": 6,
        "isActive": true,
        "role": "L",
        "vote": null,
      },
    ],
    "policiesInHand": Array [],
    "presidentIndex": 0,
    "prevChancellorIndex": null,
    "prevPresidentIndex": null,
  },
  "value": "election",
}
`;

exports[`Player is able to vote 2`] = `
Object {
  "context": Object {
    "board": Array [
      "NONE",
      "NONE",
      "TOP_THREE_CARD",
      "KILL_PLAYER",
      "KILL_PLAYER",
    ],
    "chancellorIndex": 2,
    "drawPile": Array [
      "F",
      "F",
      "L",
      "F",
      "F",
      "L",
      "F",
      "F",
      "L",
      "F",
      "F",
      "F",
      "L",
      "F",
      "F",
      "L",
      "L",
    ],
    "enactedFascistPolicies": 0,
    "enactedLiberalPolicies": 0,
    "players": Array [
      Object {
        "displayName": "bob",
        "id": 1,
        "isActive": true,
        "role": "L",
        "vote": null,
      },
      Object {
        "displayName": "john",
        "id": 2,
        "isActive": true,
        "role": "L",
        "vote": null,
      },
      Object {
        "displayName": "amanda",
        "id": 3,
        "isActive": true,
        "role": "L",
        "vote": null,
      },
      Object {
        "displayName": "lisa",
        "id": 4,
        "isActive": true,
        "role": "F",
        "vote": null,
      },
      Object {
        "displayName": "vivian",
        "id": 5,
        "isActive": true,
        "role": "H",
        "vote": null,
      },
      Object {
        "displayName": "tina",
        "id": 6,
        "isActive": true,
        "role": "L",
        "vote": null,
      },
    ],
    "policiesInHand": Array [],
    "presidentIndex": 0,
    "prevChancellorIndex": null,
    "prevPresidentIndex": null,
  },
  "value": "election",
}
`;

exports[`Player is able to vote 3`] = `
Object {
  "context": Object {
    "board": Array [
      "NONE",
      "NONE",
      "TOP_THREE_CARD",
      "KILL_PLAYER",
      "KILL_PLAYER",
    ],
    "chancellorIndex": 2,
    "drawPile": Array [
      "F",
      "F",
      "L",
      "F",
      "F",
      "L",
      "F",
      "F",
      "L",
      "F",
      "F",
      "F",
      "L",
      "F",
      "F",
      "L",
      "L",
    ],
    "enactedFascistPolicies": 0,
    "enactedLiberalPolicies": 0,
    "players": Array [
      Object {
        "displayName": "bob",
        "id": 1,
        "isActive": true,
        "role": "L",
        "vote": true,
      },
      Object {
        "displayName": "john",
        "id": 2,
        "isActive": true,
        "role": "L",
        "vote": true,
      },
      Object {
        "displayName": "amanda",
        "id": 3,
        "isActive": true,
        "role": "L",
        "vote": true,
      },
      Object {
        "displayName": "lisa",
        "id": 4,
        "isActive": true,
        "role": "F",
        "vote": null,
      },
      Object {
        "displayName": "vivian",
        "id": 5,
        "isActive": true,
        "role": "H",
        "vote": null,
      },
      Object {
        "displayName": "tina",
        "id": 6,
        "isActive": true,
        "role": "L",
        "vote": null,
      },
    ],
    "policiesInHand": Array [],
    "presidentIndex": 0,
    "prevChancellorIndex": null,
    "prevPresidentIndex": null,
  },
  "value": "election",
}
`;

exports[`That the game will not start when not enough players 1`] = `
Object {
  "context": Object {
    "board": Array [],
    "chancellorIndex": null,
    "drawPile": Array [],
    "enactedFascistPolicies": 0,
    "enactedLiberalPolicies": 0,
    "players": Array [
      Object {
        "displayName": "bob",
        "id": 1,
        "isActive": true,
        "role": null,
        "vote": null,
      },
      Object {
        "displayName": "john",
        "id": 2,
        "isActive": true,
        "role": null,
        "vote": null,
      },
      Object {
        "displayName": "amanda",
        "id": 3,
        "isActive": true,
        "role": null,
        "vote": null,
      },
    ],
    "policiesInHand": Array [],
    "presidentIndex": null,
    "prevChancellorIndex": null,
    "prevPresidentIndex": null,
  },
  "value": "waiting",
}
`;

exports[`That the game will start when enough players 1`] = `
Object {
  "context": Object {
    "board": Array [
      "NONE",
      "NONE",
      "TOP_THREE_CARD",
      "KILL_PLAYER",
      "KILL_PLAYER",
    ],
    "chancellorIndex": null,
    "drawPile": Array [
      "F",
      "F",
      "L",
      "F",
      "F",
      "L",
      "F",
      "F",
      "L",
      "F",
      "F",
      "F",
      "L",
      "F",
      "F",
      "L",
      "L",
    ],
    "enactedFascistPolicies": 0,
    "enactedLiberalPolicies": 0,
    "players": Array [
      Object {
        "displayName": "bob",
        "id": 1,
        "isActive": true,
        "role": "L",
        "vote": null,
      },
      Object {
        "displayName": "john",
        "id": 2,
        "isActive": true,
        "role": "L",
        "vote": null,
      },
      Object {
        "displayName": "amanda",
        "id": 3,
        "isActive": true,
        "role": "L",
        "vote": null,
      },
      Object {
        "displayName": "lisa",
        "id": 4,
        "isActive": true,
        "role": "F",
        "vote": null,
      },
      Object {
        "displayName": "vivian",
        "id": 5,
        "isActive": true,
        "role": "H",
        "vote": null,
      },
      Object {
        "displayName": "tina",
        "id": 6,
        "isActive": true,
        "role": "L",
        "vote": null,
      },
    ],
    "policiesInHand": Array [],
    "presidentIndex": 0,
    "prevChancellorIndex": null,
    "prevPresidentIndex": null,
  },
  "value": "chancellorSelection",
}
`;

exports[`being able to add 1 new player 1`] = `
Object {
  "context": Object {
    "board": Array [],
    "chancellorIndex": null,
    "drawPile": Array [],
    "enactedFascistPolicies": 0,
    "enactedLiberalPolicies": 0,
    "players": Array [
      Object {
        "displayName": "bob",
        "id": 1,
        "isActive": true,
        "role": null,
        "vote": null,
      },
    ],
    "policiesInHand": Array [],
    "presidentIndex": null,
    "prevChancellorIndex": null,
    "prevPresidentIndex": null,
  },
  "value": "waiting",
}
`;

exports[`being able to add multiple new players 1`] = `
Object {
  "context": Object {
    "board": Array [],
    "chancellorIndex": null,
    "drawPile": Array [],
    "enactedFascistPolicies": 0,
    "enactedLiberalPolicies": 0,
    "players": Array [
      Object {
        "displayName": "bob",
        "id": 1,
        "isActive": true,
        "role": null,
        "vote": null,
      },
      Object {
        "displayName": "john",
        "id": 2,
        "isActive": true,
        "role": null,
        "vote": null,
      },
      Object {
        "displayName": "amanda",
        "id": 3,
        "isActive": true,
        "role": null,
        "vote": null,
      },
    ],
    "policiesInHand": Array [],
    "presidentIndex": null,
    "prevChancellorIndex": null,
    "prevPresidentIndex": null,
  },
  "value": "waiting",
}
`;

exports[`being able to select a card. 1`] = `
Object {
  "context": Object {
    "board": Array [
      "NONE",
      "NONE",
      "TOP_THREE_CARD",
      "KILL_PLAYER",
      "KILL_PLAYER",
    ],
    "chancellorIndex": 2,
    "drawPile": Array [
      "F",
      "F",
      "L",
      "F",
      "F",
      "L",
      "F",
      "F",
      "L",
      "F",
      "F",
      "F",
      "L",
      "F",
    ],
    "enactedFascistPolicies": 0,
    "enactedLiberalPolicies": 0,
    "players": Array [
      Object {
        "displayName": "bob",
        "id": 1,
        "isActive": true,
        "role": "L",
        "vote": true,
      },
      Object {
        "displayName": "john",
        "id": 2,
        "isActive": true,
        "role": "L",
        "vote": true,
      },
      Object {
        "displayName": "amanda",
        "id": 3,
        "isActive": true,
        "role": "L",
        "vote": true,
      },
      Object {
        "displayName": "lisa",
        "id": 4,
        "isActive": true,
        "role": "F",
        "vote": true,
      },
      Object {
        "displayName": "vivian",
        "id": 5,
        "isActive": true,
        "role": "H",
        "vote": true,
      },
      Object {
        "displayName": "tina",
        "id": 6,
        "isActive": true,
        "role": "L",
        "vote": true,
      },
    ],
    "policiesInHand": Array [
      "L",
      "F",
    ],
    "presidentIndex": 0,
    "prevChancellorIndex": null,
    "prevPresidentIndex": null,
  },
  "value": "enactPolicy",
}
`;

exports[`can enact a policy from the policy in hand for 1`] = `
Object {
  "context": Object {
    "board": Array [
      "NONE",
      "NONE",
      "TOP_THREE_CARD",
      "KILL_PLAYER",
      "KILL_PLAYER",
    ],
    "chancellorIndex": null,
    "drawPile": Array [
      "F",
      "F",
      "L",
      "F",
      "F",
      "L",
      "F",
      "F",
      "L",
      "F",
      "F",
      "F",
      "L",
      "F",
    ],
    "enactedFascistPolicies": 1,
    "enactedLiberalPolicies": 0,
    "players": Array [
      Object {
        "displayName": "bob",
        "id": 1,
        "isActive": true,
        "role": "L",
        "vote": null,
      },
      Object {
        "displayName": "john",
        "id": 2,
        "isActive": true,
        "role": "L",
        "vote": null,
      },
      Object {
        "displayName": "amanda",
        "id": 3,
        "isActive": true,
        "role": "L",
        "vote": null,
      },
      Object {
        "displayName": "lisa",
        "id": 4,
        "isActive": true,
        "role": "F",
        "vote": null,
      },
      Object {
        "displayName": "vivian",
        "id": 5,
        "isActive": true,
        "role": "H",
        "vote": null,
      },
      Object {
        "displayName": "tina",
        "id": 6,
        "isActive": true,
        "role": "L",
        "vote": null,
      },
    ],
    "policiesInHand": Array [],
    "presidentIndex": 1,
    "prevChancellorIndex": 2,
    "prevPresidentIndex": 0,
  },
  "value": "chancellorSelection",
}
`;

exports[`can enact a policy from the policy in hand for 2`] = `
Object {
  "context": Object {
    "board": Array [
      "NONE",
      "NONE",
      "TOP_THREE_CARD",
      "KILL_PLAYER",
      "KILL_PLAYER",
    ],
    "chancellorIndex": null,
    "drawPile": Array [
      "F",
      "F",
      "L",
      "F",
      "F",
      "L",
      "F",
      "F",
      "L",
      "F",
      "F",
      "F",
      "L",
      "F",
    ],
    "enactedFascistPolicies": 0,
    "enactedLiberalPolicies": 1,
    "players": Array [
      Object {
        "displayName": "bob",
        "id": 1,
        "isActive": true,
        "role": "L",
        "vote": null,
      },
      Object {
        "displayName": "john",
        "id": 2,
        "isActive": true,
        "role": "L",
        "vote": null,
      },
      Object {
        "displayName": "amanda",
        "id": 3,
        "isActive": true,
        "role": "L",
        "vote": null,
      },
      Object {
        "displayName": "lisa",
        "id": 4,
        "isActive": true,
        "role": "F",
        "vote": null,
      },
      Object {
        "displayName": "vivian",
        "id": 5,
        "isActive": true,
        "role": "H",
        "vote": null,
      },
      Object {
        "displayName": "tina",
        "id": 6,
        "isActive": true,
        "role": "L",
        "vote": null,
      },
    ],
    "policiesInHand": Array [],
    "presidentIndex": 1,
    "prevChancellorIndex": 2,
    "prevPresidentIndex": 0,
  },
  "value": "chancellorSelection",
}
`;

exports[`cannot select a chancellor that is the current president 1`] = `
Object {
  "context": Object {
    "board": Array [
      "NONE",
      "NONE",
      "TOP_THREE_CARD",
      "KILL_PLAYER",
      "KILL_PLAYER",
    ],
    "chancellorIndex": null,
    "drawPile": Array [
      "F",
      "F",
      "L",
      "F",
      "F",
      "L",
      "F",
      "F",
      "L",
      "F",
      "F",
      "F",
      "L",
      "F",
    ],
    "enactedFascistPolicies": 0,
    "enactedLiberalPolicies": 1,
    "players": Array [
      Object {
        "displayName": "bob",
        "id": 1,
        "isActive": true,
        "role": "L",
        "vote": null,
      },
      Object {
        "displayName": "john",
        "id": 2,
        "isActive": true,
        "role": "L",
        "vote": null,
      },
      Object {
        "displayName": "amanda",
        "id": 3,
        "isActive": true,
        "role": "L",
        "vote": null,
      },
      Object {
        "displayName": "lisa",
        "id": 4,
        "isActive": true,
        "role": "F",
        "vote": null,
      },
      Object {
        "displayName": "vivian",
        "id": 5,
        "isActive": true,
        "role": "H",
        "vote": null,
      },
      Object {
        "displayName": "tina",
        "id": 6,
        "isActive": true,
        "role": "L",
        "vote": null,
      },
    ],
    "policiesInHand": Array [],
    "presidentIndex": 1,
    "prevChancellorIndex": 2,
    "prevPresidentIndex": 0,
  },
  "value": "chancellorSelection",
}
`;

exports[`cannot select a chancellor that was in play last turn 1`] = `
Object {
  "context": Object {
    "board": Array [
      "NONE",
      "NONE",
      "TOP_THREE_CARD",
      "KILL_PLAYER",
      "KILL_PLAYER",
    ],
    "chancellorIndex": null,
    "drawPile": Array [
      "F",
      "F",
      "L",
      "F",
      "F",
      "L",
      "F",
      "F",
      "L",
      "F",
      "F",
      "F",
      "L",
      "F",
    ],
    "enactedFascistPolicies": 0,
    "enactedLiberalPolicies": 1,
    "players": Array [
      Object {
        "displayName": "bob",
        "id": 1,
        "isActive": true,
        "role": "L",
        "vote": null,
      },
      Object {
        "displayName": "john",
        "id": 2,
        "isActive": true,
        "role": "L",
        "vote": null,
      },
      Object {
        "displayName": "amanda",
        "id": 3,
        "isActive": true,
        "role": "L",
        "vote": null,
      },
      Object {
        "displayName": "lisa",
        "id": 4,
        "isActive": true,
        "role": "F",
        "vote": null,
      },
      Object {
        "displayName": "vivian",
        "id": 5,
        "isActive": true,
        "role": "H",
        "vote": null,
      },
      Object {
        "displayName": "tina",
        "id": 6,
        "isActive": true,
        "role": "L",
        "vote": null,
      },
    ],
    "policiesInHand": Array [],
    "presidentIndex": 1,
    "prevChancellorIndex": 2,
    "prevPresidentIndex": 0,
  },
  "value": "chancellorSelection",
}
`;

exports[`go to filterCards 1`] = `
Object {
  "context": Object {
    "board": Array [
      "NONE",
      "NONE",
      "TOP_THREE_CARD",
      "KILL_PLAYER",
      "KILL_PLAYER",
    ],
    "chancellorIndex": 2,
    "drawPile": Array [
      "F",
      "F",
      "L",
      "F",
      "F",
      "L",
      "F",
      "F",
      "L",
      "F",
      "F",
      "F",
      "L",
      "F",
    ],
    "enactedFascistPolicies": 0,
    "enactedLiberalPolicies": 0,
    "players": Array [
      Object {
        "displayName": "bob",
        "id": 1,
        "isActive": true,
        "role": "L",
        "vote": true,
      },
      Object {
        "displayName": "john",
        "id": 2,
        "isActive": true,
        "role": "L",
        "vote": true,
      },
      Object {
        "displayName": "amanda",
        "id": 3,
        "isActive": true,
        "role": "L",
        "vote": true,
      },
      Object {
        "displayName": "lisa",
        "id": 4,
        "isActive": true,
        "role": "F",
        "vote": true,
      },
      Object {
        "displayName": "vivian",
        "id": 5,
        "isActive": true,
        "role": "H",
        "vote": true,
      },
      Object {
        "displayName": "tina",
        "id": 6,
        "isActive": true,
        "role": "L",
        "vote": true,
      },
    ],
    "policiesInHand": Array [
      "L",
      "L",
      "F",
    ],
    "presidentIndex": 0,
    "prevChancellorIndex": null,
    "prevPresidentIndex": null,
  },
  "value": "filterCards",
}
`;

exports[`running the game for two rounds 1`] = `
Object {
  "context": Object {
    "board": Array [
      "NONE",
      "NONE",
      "TOP_THREE_CARD",
      "KILL_PLAYER",
      "KILL_PLAYER",
    ],
    "chancellorIndex": 3,
    "drawPile": Array [
      "F",
      "F",
      "L",
      "F",
      "F",
      "L",
      "F",
      "F",
      "L",
      "F",
      "F",
      "F",
      "L",
      "F",
    ],
    "enactedFascistPolicies": 0,
    "enactedLiberalPolicies": 1,
    "players": Array [
      Object {
        "displayName": "bob",
        "id": 1,
        "isActive": true,
        "role": "L",
        "vote": null,
      },
      Object {
        "displayName": "john",
        "id": 2,
        "isActive": true,
        "role": "L",
        "vote": null,
      },
      Object {
        "displayName": "amanda",
        "id": 3,
        "isActive": true,
        "role": "L",
        "vote": null,
      },
      Object {
        "displayName": "lisa",
        "id": 4,
        "isActive": true,
        "role": "F",
        "vote": null,
      },
      Object {
        "displayName": "vivian",
        "id": 5,
        "isActive": true,
        "role": "H",
        "vote": null,
      },
      Object {
        "displayName": "tina",
        "id": 6,
        "isActive": true,
        "role": "L",
        "vote": null,
      },
    ],
    "policiesInHand": Array [],
    "presidentIndex": 1,
    "prevChancellorIndex": 2,
    "prevPresidentIndex": 0,
  },
  "value": "election",
}
`;

exports[`running the game for two rounds 2`] = `
Object {
  "context": Object {
    "board": Array [
      "NONE",
      "NONE",
      "TOP_THREE_CARD",
      "KILL_PLAYER",
      "KILL_PLAYER",
    ],
    "chancellorIndex": 4,
    "drawPile": Array [
      "F",
      "F",
      "L",
      "F",
      "F",
      "L",
      "F",
      "F",
      "L",
      "F",
      "F",
    ],
    "enactedFascistPolicies": 1,
    "enactedLiberalPolicies": 1,
    "players": Array [
      Object {
        "displayName": "bob",
        "id": 1,
        "isActive": true,
        "role": "L",
        "vote": null,
      },
      Object {
        "displayName": "john",
        "id": 2,
        "isActive": true,
        "role": "L",
        "vote": null,
      },
      Object {
        "displayName": "amanda",
        "id": 3,
        "isActive": true,
        "role": "L",
        "vote": null,
      },
      Object {
        "displayName": "lisa",
        "id": 4,
        "isActive": true,
        "role": "F",
        "vote": null,
      },
      Object {
        "displayName": "vivian",
        "id": 5,
        "isActive": true,
        "role": "H",
        "vote": null,
      },
      Object {
        "displayName": "tina",
        "id": 6,
        "isActive": true,
        "role": "L",
        "vote": null,
      },
    ],
    "policiesInHand": Array [],
    "presidentIndex": 2,
    "prevChancellorIndex": 3,
    "prevPresidentIndex": 1,
  },
  "value": "election",
}
`;

exports[`running the game for two rounds 3`] = `
Object {
  "context": Object {
    "board": Array [
      "NONE",
      "NONE",
      "TOP_THREE_CARD",
      "KILL_PLAYER",
      "KILL_PLAYER",
    ],
    "chancellorIndex": 5,
    "drawPile": Array [
      "F",
      "F",
      "L",
      "F",
      "F",
      "L",
      "F",
      "F",
    ],
    "enactedFascistPolicies": 2,
    "enactedLiberalPolicies": 1,
    "players": Array [
      Object {
        "displayName": "bob",
        "id": 1,
        "isActive": true,
        "role": "L",
        "vote": null,
      },
      Object {
        "displayName": "john",
        "id": 2,
        "isActive": true,
        "role": "L",
        "vote": null,
      },
      Object {
        "displayName": "amanda",
        "id": 3,
        "isActive": true,
        "role": "L",
        "vote": null,
      },
      Object {
        "displayName": "lisa",
        "id": 4,
        "isActive": true,
        "role": "F",
        "vote": null,
      },
      Object {
        "displayName": "vivian",
        "id": 5,
        "isActive": true,
        "role": "H",
        "vote": null,
      },
      Object {
        "displayName": "tina",
        "id": 6,
        "isActive": true,
        "role": "L",
        "vote": null,
      },
    ],
    "policiesInHand": Array [],
    "presidentIndex": 3,
    "prevChancellorIndex": 4,
    "prevPresidentIndex": 2,
  },
  "value": "election",
}
`;

exports[`select new chancellor if vote fails 1`] = `
Object {
  "context": Object {
    "board": Array [
      "NONE",
      "NONE",
      "TOP_THREE_CARD",
      "KILL_PLAYER",
      "KILL_PLAYER",
    ],
    "chancellorIndex": null,
    "drawPile": Array [
      "F",
      "F",
      "L",
      "F",
      "F",
      "L",
      "F",
      "F",
      "L",
      "F",
      "F",
      "F",
      "L",
      "F",
      "F",
      "L",
      "L",
    ],
    "enactedFascistPolicies": 0,
    "enactedLiberalPolicies": 0,
    "players": Array [
      Object {
        "displayName": "bob",
        "id": 1,
        "isActive": true,
        "role": "L",
        "vote": null,
      },
      Object {
        "displayName": "john",
        "id": 2,
        "isActive": true,
        "role": "L",
        "vote": null,
      },
      Object {
        "displayName": "amanda",
        "id": 3,
        "isActive": true,
        "role": "L",
        "vote": null,
      },
      Object {
        "displayName": "lisa",
        "id": 4,
        "isActive": true,
        "role": "F",
        "vote": null,
      },
      Object {
        "displayName": "vivian",
        "id": 5,
        "isActive": true,
        "role": "H",
        "vote": null,
      },
      Object {
        "displayName": "tina",
        "id": 6,
        "isActive": true,
        "role": "L",
        "vote": null,
      },
    ],
    "policiesInHand": Array [],
    "presidentIndex": 1,
    "prevChancellorIndex": 2,
    "prevPresidentIndex": 0,
  },
  "value": "chancellorSelection",
}
`;

exports[`select new chancellor if vote fails 2`] = `
Object {
  "context": Object {
    "board": Array [
      "NONE",
      "NONE",
      "TOP_THREE_CARD",
      "KILL_PLAYER",
      "KILL_PLAYER",
    ],
    "chancellorIndex": null,
    "drawPile": Array [
      "F",
      "F",
      "L",
      "F",
      "F",
      "L",
      "F",
      "F",
      "L",
      "F",
      "F",
      "F",
      "L",
      "F",
      "F",
      "L",
      "L",
    ],
    "enactedFascistPolicies": 0,
    "enactedLiberalPolicies": 0,
    "players": Array [
      Object {
        "displayName": "bob",
        "id": 1,
        "isActive": true,
        "role": "L",
        "vote": null,
      },
      Object {
        "displayName": "john",
        "id": 2,
        "isActive": true,
        "role": "L",
        "vote": null,
      },
      Object {
        "displayName": "amanda",
        "id": 3,
        "isActive": true,
        "role": "L",
        "vote": null,
      },
      Object {
        "displayName": "lisa",
        "id": 4,
        "isActive": true,
        "role": "F",
        "vote": null,
      },
      Object {
        "displayName": "vivian",
        "id": 5,
        "isActive": true,
        "role": "H",
        "vote": null,
      },
      Object {
        "displayName": "tina",
        "id": 6,
        "isActive": true,
        "role": "L",
        "vote": null,
      },
    ],
    "policiesInHand": Array [],
    "presidentIndex": 1,
    "prevChancellorIndex": 2,
    "prevPresidentIndex": 0,
  },
  "value": "chancellorSelection",
}
`;
